
Allocating common symbols
Common symbol       size              file

LCD_DISPLAY_MODE    0x1               ..\obj\main.o
LCD_WINDOW          0xc               ..\obj\main.o

Discarded input sections

 .text          0x00000000        0x0 ..\obj\startup_stm32f4xx.o
 .data          0x00000000        0x0 ..\obj\startup_stm32f4xx.o
 .bss           0x00000000        0x0 ..\obj\startup_stm32f4xx.o
 .text          0x00000000        0x0 ..\obj\main.o
 .data          0x00000000        0x0 ..\obj\main.o
 .bss           0x00000000        0x0 ..\obj\main.o
 .text          0x00000000        0x0 ..\obj\stm32f4xx_rcc.o
 .data          0x00000000       0x10 ..\obj\stm32f4xx_rcc.o
 .bss           0x00000000        0x0 ..\obj\stm32f4xx_rcc.o
 .text.RCC_DeInit
                0x00000000       0x84 ..\obj\stm32f4xx_rcc.o
 .text.RCC_HSEConfig
                0x00000000       0x30 ..\obj\stm32f4xx_rcc.o
 .text.RCC_WaitForHSEStartUp
                0x00000000       0x64 ..\obj\stm32f4xx_rcc.o
 .text.RCC_AdjustHSICalibrationValue
                0x00000000       0x48 ..\obj\stm32f4xx_rcc.o
 .text.RCC_HSICmd
                0x00000000       0x20 ..\obj\stm32f4xx_rcc.o
 .text.RCC_LSEConfig
                0x00000000       0x60 ..\obj\stm32f4xx_rcc.o
 .text.RCC_LSICmd
                0x00000000       0x20 ..\obj\stm32f4xx_rcc.o
 .text.RCC_PLLConfig
                0x00000000       0x48 ..\obj\stm32f4xx_rcc.o
 .text.RCC_PLLCmd
                0x00000000       0x20 ..\obj\stm32f4xx_rcc.o
 .text.RCC_PLLI2SConfig
                0x00000000       0x30 ..\obj\stm32f4xx_rcc.o
 .text.RCC_PLLI2SCmd
                0x00000000       0x20 ..\obj\stm32f4xx_rcc.o
 .text.RCC_ClockSecuritySystemCmd
                0x00000000       0x20 ..\obj\stm32f4xx_rcc.o
 .text.RCC_MCO1Config
                0x00000000       0x48 ..\obj\stm32f4xx_rcc.o
 .text.RCC_MCO2Config
                0x00000000       0x48 ..\obj\stm32f4xx_rcc.o
 .text.RCC_SYSCLKConfig
                0x00000000       0x40 ..\obj\stm32f4xx_rcc.o
 .text.RCC_GetSYSCLKSource
                0x00000000       0x20 ..\obj\stm32f4xx_rcc.o
 .text.RCC_HCLKConfig
                0x00000000       0x40 ..\obj\stm32f4xx_rcc.o
 .text.RCC_PCLK1Config
                0x00000000       0x40 ..\obj\stm32f4xx_rcc.o
 .text.RCC_PCLK2Config
                0x00000000       0x44 ..\obj\stm32f4xx_rcc.o
 .text.RCC_GetClocksFreq
                0x00000000      0x1cc ..\obj\stm32f4xx_rcc.o
 .text.RCC_RTCCLKConfig
                0x00000000       0x74 ..\obj\stm32f4xx_rcc.o
 .text.RCC_RTCCLKCmd
                0x00000000       0x20 ..\obj\stm32f4xx_rcc.o
 .text.RCC_BackupResetCmd
                0x00000000       0x20 ..\obj\stm32f4xx_rcc.o
 .text.RCC_I2SCLKConfig
                0x00000000       0x20 ..\obj\stm32f4xx_rcc.o
 .text.RCC_AHB2PeriphClockCmd
                0x00000000       0x54 ..\obj\stm32f4xx_rcc.o
 .text.RCC_APB1PeriphClockCmd
                0x00000000       0x54 ..\obj\stm32f4xx_rcc.o
 .text.RCC_APB2PeriphClockCmd
                0x00000000       0x54 ..\obj\stm32f4xx_rcc.o
 .text.RCC_AHB1PeriphResetCmd
                0x00000000       0x54 ..\obj\stm32f4xx_rcc.o
 .text.RCC_AHB2PeriphResetCmd
                0x00000000       0x54 ..\obj\stm32f4xx_rcc.o
 .text.RCC_AHB3PeriphResetCmd
                0x00000000       0x54 ..\obj\stm32f4xx_rcc.o
 .text.RCC_APB1PeriphResetCmd
                0x00000000       0x54 ..\obj\stm32f4xx_rcc.o
 .text.RCC_APB2PeriphResetCmd
                0x00000000       0x54 ..\obj\stm32f4xx_rcc.o
 .text.RCC_AHB1PeriphClockLPModeCmd
                0x00000000       0x54 ..\obj\stm32f4xx_rcc.o
 .text.RCC_AHB2PeriphClockLPModeCmd
                0x00000000       0x54 ..\obj\stm32f4xx_rcc.o
 .text.RCC_AHB3PeriphClockLPModeCmd
                0x00000000       0x54 ..\obj\stm32f4xx_rcc.o
 .text.RCC_APB1PeriphClockLPModeCmd
                0x00000000       0x54 ..\obj\stm32f4xx_rcc.o
 .text.RCC_APB2PeriphClockLPModeCmd
                0x00000000       0x54 ..\obj\stm32f4xx_rcc.o
 .text.RCC_ITConfig
                0x00000000       0x60 ..\obj\stm32f4xx_rcc.o
 .text.RCC_GetFlagStatus
                0x00000000       0x90 ..\obj\stm32f4xx_rcc.o
 .text.RCC_ClearFlag
                0x00000000       0x24 ..\obj\stm32f4xx_rcc.o
 .text.RCC_GetITStatus
                0x00000000       0x40 ..\obj\stm32f4xx_rcc.o
 .text.RCC_ClearITPendingBit
                0x00000000       0x20 ..\obj\stm32f4xx_rcc.o
 .text          0x00000000        0x0 ..\obj\stm32_ub_lcd_st7783.o
 .data          0x00000000        0x0 ..\obj\stm32_ub_lcd_st7783.o
 .bss           0x00000000        0x0 ..\obj\stm32_ub_lcd_st7783.o
 .text.UB_LCD_Backlight_Off
                0x00000000       0x18 ..\obj\stm32_ub_lcd_st7783.o
 .text.UB_LCD_SetMode
                0x00000000       0x48 ..\obj\stm32_ub_lcd_st7783.o
 .text.UB_LCD_SetWindow
                0x00000000       0x9c ..\obj\stm32_ub_lcd_st7783.o
 .text          0x00000000        0x0 ..\obj\stm32f4xx_fsmc.o
 .data          0x00000000        0x0 ..\obj\stm32f4xx_fsmc.o
 .bss           0x00000000        0x0 ..\obj\stm32f4xx_fsmc.o
 .text.FSMC_NORSRAMDeInit
                0x00000000       0x5c ..\obj\stm32f4xx_fsmc.o
 .text.FSMC_NORSRAMStructInit
                0x00000000      0x108 ..\obj\stm32f4xx_fsmc.o
 .text.FSMC_NANDDeInit
                0x00000000       0x8c ..\obj\stm32f4xx_fsmc.o
 .text.FSMC_NANDInit
                0x00000000      0x100 ..\obj\stm32f4xx_fsmc.o
 .text.FSMC_NANDStructInit
                0x00000000       0x9c ..\obj\stm32f4xx_fsmc.o
 .text.FSMC_NANDCmd
                0x00000000       0x9c ..\obj\stm32f4xx_fsmc.o
 .text.FSMC_NANDECCCmd
                0x00000000       0x9c ..\obj\stm32f4xx_fsmc.o
 .text.FSMC_GetECC
                0x00000000       0x3c ..\obj\stm32f4xx_fsmc.o
 .text.FSMC_PCCARDDeInit
                0x00000000       0x50 ..\obj\stm32f4xx_fsmc.o
 .text.FSMC_PCCARDInit
                0x00000000       0xd4 ..\obj\stm32f4xx_fsmc.o
 .text.FSMC_PCCARDStructInit
                0x00000000       0xa4 ..\obj\stm32f4xx_fsmc.o
 .text.FSMC_PCCARDCmd
                0x00000000       0x54 ..\obj\stm32f4xx_fsmc.o
 .text.FSMC_ITConfig
                0x00000000       0xe0 ..\obj\stm32f4xx_fsmc.o
 .text.FSMC_GetFlagStatus
                0x00000000       0x74 ..\obj\stm32f4xx_fsmc.o
 .text.FSMC_ClearFlag
                0x00000000       0x7c ..\obj\stm32f4xx_fsmc.o
 .text.FSMC_GetITStatus
                0x00000000       0x94 ..\obj\stm32f4xx_fsmc.o
 .text.FSMC_ClearITPendingBit
                0x00000000       0x88 ..\obj\stm32f4xx_fsmc.o
 .text          0x00000000        0x0 ..\obj\stm32f4xx_gpio.o
 .data          0x00000000        0x0 ..\obj\stm32f4xx_gpio.o
 .bss           0x00000000        0x0 ..\obj\stm32f4xx_gpio.o
 .text.GPIO_DeInit
                0x00000000      0x178 ..\obj\stm32f4xx_gpio.o
 .text.GPIO_StructInit
                0x00000000       0x3c ..\obj\stm32f4xx_gpio.o
 .text.GPIO_PinLockConfig
                0x00000000       0x44 ..\obj\stm32f4xx_gpio.o
 .text.GPIO_ReadInputDataBit
                0x00000000       0x3c ..\obj\stm32f4xx_gpio.o
 .text.GPIO_ReadInputData
                0x00000000       0x1c ..\obj\stm32f4xx_gpio.o
 .text.GPIO_ReadOutputDataBit
                0x00000000       0x3c ..\obj\stm32f4xx_gpio.o
 .text.GPIO_ReadOutputData
                0x00000000       0x1c ..\obj\stm32f4xx_gpio.o
 .text.GPIO_SetBits
                0x00000000       0x1c ..\obj\stm32f4xx_gpio.o
 .text.GPIO_ResetBits
                0x00000000       0x1c ..\obj\stm32f4xx_gpio.o
 .text.GPIO_WriteBit
                0x00000000       0x30 ..\obj\stm32f4xx_gpio.o
 .text.GPIO_Write
                0x00000000       0x1c ..\obj\stm32f4xx_gpio.o
 .text.GPIO_ToggleBits
                0x00000000       0x24 ..\obj\stm32f4xx_gpio.o
 .text          0x00000000        0x0 ..\obj\system_stm32f4xx.o
 .data          0x00000000       0x14 ..\obj\system_stm32f4xx.o
 .bss           0x00000000        0x0 ..\obj\system_stm32f4xx.o
 .text.SystemCoreClockUpdate
                0x00000000      0x170 ..\obj\system_stm32f4xx.o

Memory Configuration

Name             Origin             Length             Attributes
rom              0x08000000         0x00100000         xr
ram              0x20000000         0x00020000         xrw
ram1             0x10000000         0x00010000         xrw
*default*        0x00000000         0xffffffff

Linker script and memory map

                0x20020000                _eram = 0x20020000

.text           0x08000000      0xf7c
 *(.isr_vector .isr_vector.*)
 .isr_vector    0x08000000      0x188 ..\obj\startup_stm32f4xx.o
                0x08000000                g_pfnVectors
 *(.text .text.* .gnu.linkonce.t.*)
 .text.Default_Reset_Handler
                0x08000188       0x6c ..\obj\startup_stm32f4xx.o
                0x08000188                Default_Reset_Handler
                0x08000188                Reset_Handler
 .text.Default_Handler
                0x080001f4        0x8 ..\obj\startup_stm32f4xx.o
                0x080001f4                RTC_Alarm_IRQHandler
                0x080001f4                HASH_RNG_IRQHandler
                0x080001f4                EXTI2_IRQHandler
                0x080001f4                TIM8_CC_IRQHandler
                0x080001f4                DebugMon_Handler
                0x080001f4                TIM1_CC_IRQHandler
                0x080001f4                DMA2_Stream5_IRQHandler
                0x080001f4                HardFault_Handler
                0x080001f4                DMA1_Stream5_IRQHandler
                0x080001f4                SysTick_Handler
                0x080001f4                PVD_IRQHandler
                0x080001f4                SDIO_IRQHandler
                0x080001f4                TAMP_STAMP_IRQHandler
                0x080001f4                PendSV_Handler
                0x080001f4                NMI_Handler
                0x080001f4                CAN2_RX1_IRQHandler
                0x080001f4                EXTI3_IRQHandler
                0x080001f4                TIM8_TRG_COM_TIM14_IRQHandler
                0x080001f4                TIM1_UP_TIM10_IRQHandler
                0x080001f4                TIM8_UP_TIM13_IRQHandler
                0x080001f4                I2C3_ER_IRQHandler
                0x080001f4                EXTI0_IRQHandler
                0x080001f4                I2C2_EV_IRQHandler
                0x080001f4                DMA1_Stream2_IRQHandler
                0x080001f4                CAN1_RX0_IRQHandler
                0x080001f4                FPU_IRQHandler
                0x080001f4                OTG_HS_WKUP_IRQHandler
                0x080001f4                UsageFault_Handler
                0x080001f4                CAN2_SCE_IRQHandler
                0x080001f4                DMA2_Stream2_IRQHandler
                0x080001f4                SPI1_IRQHandler
                0x080001f4                TIM6_DAC_IRQHandler
                0x080001f4                TIM1_BRK_TIM9_IRQHandler
                0x080001f4                DCMI_IRQHandler
                0x080001f4                CAN2_RX0_IRQHandler
                0x080001f4                DMA2_Stream3_IRQHandler
                0x080001f4                USART6_IRQHandler
                0x080001f4                USART3_IRQHandler
                0x080001f4                CRYP_IRQHandler
                0x080001f4                CAN1_RX1_IRQHandler
                0x080001f4                UART5_IRQHandler
                0x080001f4                DMA2_Stream0_IRQHandler
                0x080001f4                TIM4_IRQHandler
                0x080001f4                I2C1_EV_IRQHandler
                0x080001f4                DMA1_Stream6_IRQHandler
                0x080001f4                DMA1_Stream1_IRQHandler
                0x080001f4                UART4_IRQHandler
                0x080001f4                TIM3_IRQHandler
                0x080001f4                RCC_IRQHandler
                0x080001f4                TIM8_BRK_TIM12_IRQHandler
                0x080001f4                EXTI15_10_IRQHandler
                0x080001f4                ADC_IRQHandler
                0x080001f4                DMA1_Stream7_IRQHandler
                0x080001f4                TIM7_IRQHandler
                0x080001f4                CAN2_TX_IRQHandler
                0x080001f4                TIM5_IRQHandler
                0x080001f4                DMA2_Stream7_IRQHandler
                0x080001f4                I2C3_EV_IRQHandler
                0x080001f4                EXTI9_5_IRQHandler
                0x080001f4                RTC_WKUP_IRQHandler
                0x080001f4                ETH_WKUP_IRQHandler
                0x080001f4                SPI2_IRQHandler
                0x080001f4                OTG_HS_EP1_IN_IRQHandler
                0x080001f4                MemManage_Handler
                0x080001f4                DMA1_Stream0_IRQHandler
                0x080001f4                CAN1_TX_IRQHandler
                0x080001f4                SVC_Handler
                0x080001f4                EXTI4_IRQHandler
                0x080001f4                FSMC_IRQHandler
                0x080001f4                ETH_IRQHandler
                0x080001f4                OTG_HS_EP1_OUT_IRQHandler
                0x080001f4                WWDG_IRQHandler
                0x080001f4                TIM2_IRQHandler
                0x080001f4                OTG_FS_WKUP_IRQHandler
                0x080001f4                TIM1_TRG_COM_TIM11_IRQHandler
                0x080001f4                OTG_HS_IRQHandler
                0x080001f4                EXTI1_IRQHandler
                0x080001f4                USART2_IRQHandler
                0x080001f4                I2C2_ER_IRQHandler
                0x080001f4                DMA2_Stream1_IRQHandler
                0x080001f4                CAN1_SCE_IRQHandler
                0x080001f4                FLASH_IRQHandler
                0x080001f4                DMA2_Stream4_IRQHandler
                0x080001f4                BusFault_Handler
                0x080001f4                USART1_IRQHandler
                0x080001f4                OTG_FS_IRQHandler
                0x080001f4                SPI3_IRQHandler
                0x080001f4                DMA1_Stream4_IRQHandler
                0x080001f4                I2C1_ER_IRQHandler
                0x080001f4                DMA2_Stream6_IRQHandler
                0x080001f4                DMA1_Stream3_IRQHandler
 .text.main     0x080001fc       0x48 ..\obj\main.o
                0x080001fc                main
 .text.RCC_AHB1PeriphClockCmd
                0x08000244       0x54 ..\obj\stm32f4xx_rcc.o
                0x08000244                RCC_AHB1PeriphClockCmd
 .text.RCC_AHB3PeriphClockCmd
                0x08000298       0x54 ..\obj\stm32f4xx_rcc.o
                0x08000298                RCC_AHB3PeriphClockCmd
 .text.UB_LCD_Init
                0x080002ec       0xb4 ..\obj\stm32_ub_lcd_st7783.o
                0x080002ec                UB_LCD_Init
 .text.UB_LCD_SetCursor2Draw
                0x080003a0       0x38 ..\obj\stm32_ub_lcd_st7783.o
                0x080003a0                UB_LCD_SetCursor2Draw
 .text.UB_LCD_FillScreen
                0x080003d8       0x60 ..\obj\stm32_ub_lcd_st7783.o
                0x080003d8                UB_LCD_FillScreen
 .text.UB_LCD_Backlight_On
                0x08000438       0x18 ..\obj\stm32_ub_lcd_st7783.o
                0x08000438                UB_LCD_Backlight_On
 .text.P_LCD7783_InitIO
                0x08000450      0x24c ..\obj\stm32_ub_lcd_st7783.o
                0x08000450                P_LCD7783_InitIO
 .text.P_LCD7783_InitFSMC
                0x0800069c       0xb0 ..\obj\stm32_ub_lcd_st7783.o
                0x0800069c                P_LCD7783_InitFSMC
 .text.P_LCD7783_InitChip
                0x0800074c      0x1fc ..\obj\stm32_ub_lcd_st7783.o
                0x0800074c                P_LCD7783_InitChip
 .text.P_LCD7783_ReadReg
                0x08000948       0x2c ..\obj\stm32_ub_lcd_st7783.o
                0x08000948                P_LCD7783_ReadReg
 .text.P_LCD7783_WriteReg
                0x08000974       0x30 ..\obj\stm32_ub_lcd_st7783.o
                0x08000974                P_LCD7783_WriteReg
 .text.P_LCD7783_Delay
                0x080009a4       0x2c ..\obj\stm32_ub_lcd_st7783.o
                0x080009a4                P_LCD7783_Delay
 .text.FSMC_NORSRAMInit
                0x080009d0      0x150 ..\obj\stm32f4xx_fsmc.o
                0x080009d0                FSMC_NORSRAMInit
 .text.FSMC_NORSRAMCmd
                0x08000b20       0x54 ..\obj\stm32f4xx_fsmc.o
                0x08000b20                FSMC_NORSRAMCmd
 .text.GPIO_Init
                0x08000b74      0x144 ..\obj\stm32f4xx_gpio.o
                0x08000b74                GPIO_Init
 .text.GPIO_PinAFConfig
                0x08000cb8       0xa8 ..\obj\stm32f4xx_gpio.o
                0x08000cb8                GPIO_PinAFConfig
 .text.SystemInit
                0x08000d60       0x94 ..\obj\system_stm32f4xx.o
                0x08000d60                SystemInit
 .text.SetSysClock
                0x08000df4      0x188 ..\obj\system_stm32f4xx.o
 *(.glue_7t)
 .glue_7t       0x00000000        0x0 linker stubs
 *(.glue_7)
 .glue_7        0x00000000        0x0 linker stubs
 *(.rodata .rodata* .gnu.linkonce.r.*)

.vfp11_veneer   0x08000f7c        0x0
 .vfp11_veneer  0x00000000        0x0 linker stubs

.v4_bx          0x08000f7c        0x0
 .v4_bx         0x00000000        0x0 linker stubs

.iplt           0x08000f7c        0x0
 .iplt          0x00000000        0x0 ..\obj\startup_stm32f4xx.o

.rel.dyn        0x08000f7c        0x0
 .rel.iplt      0x00000000        0x0 ..\obj\startup_stm32f4xx.o

.ARM.extab
 *(.ARM.extab* .gnu.linkonce.armextab.*)
                0x08000f7c                __exidx_start = .

.ARM.exidx
 *(.ARM.exidx* .gnu.linkonce.armexidx.*)
                0x08000f7c                __exidx_end = .
                0x08000f7c                . = ALIGN (0x4)
                0x08000f7c                _etext = .
                0x08000f7c                _sidata = .

.data           0x20000000        0x0 load address 0x08000f7c
                0x20000000                _sdata = .
 *(.data .data.*)
                0x20000000                . = ALIGN (0x4)
                0x20000000                _edata = .

.igot.plt       0x20000000        0x0
 .igot.plt      0x00000000        0x0 ..\obj\startup_stm32f4xx.o

.bss            0x20000000       0x10
                0x20000000                _sbss = .
 *(.bss .bss.*)
 *(COMMON)
 COMMON         0x20000000       0x10 ..\obj\main.o
                0x20000000                LCD_DISPLAY_MODE
                0x20000004                LCD_WINDOW
                0x20000010                . = ALIGN (0x4)
                0x20000010                _ebss = .

.co_stack       0x20000010      0x800
                0x20000010                . = ALIGN (0x8)
 *(.co_stack .co_stack.*)
 .co_stack      0x20000010      0x800 ..\obj\startup_stm32f4xx.o
                0x20000010                pulStack
                0x20000810                . = ALIGN (0x4)
                0x20000810                _end = .
LOAD ..\obj\startup_stm32f4xx.o
LOAD ..\obj\main.o
LOAD ..\obj\stm32f4xx_rcc.o
LOAD ..\obj\stm32_ub_lcd_st7783.o
LOAD ..\obj\stm32f4xx_fsmc.o
LOAD ..\obj\stm32f4xx_gpio.o
LOAD ..\obj\system_stm32f4xx.o
START GROUP
LOAD c:/program files (x86)/gnu tools arm embedded/4.7 2012q4/bin/../lib/gcc/arm-none-eabi/4.7.3/armv7e-m\libgcc.a
LOAD c:/program files (x86)/gnu tools arm embedded/4.7 2012q4/bin/../lib/gcc/arm-none-eabi/4.7.3/../../../../arm-none-eabi/lib/armv7e-m\libg.a
LOAD c:/program files (x86)/gnu tools arm embedded/4.7 2012q4/bin/../lib/gcc/arm-none-eabi/4.7.3/../../../../arm-none-eabi/lib/armv7e-m\libc.a
END GROUP
OUTPUT(Demo_06.elf elf32-littlearm)

.debug_info     0x00000000     0x2cc2
 .debug_info    0x00000000      0x103 ..\obj\startup_stm32f4xx.o
 .debug_info    0x00000103      0x170 ..\obj\main.o
 .debug_info    0x00000273      0xd49 ..\obj\stm32f4xx_rcc.o
 .debug_info    0x00000fbc      0x720 ..\obj\stm32_ub_lcd_st7783.o
 .debug_info    0x000016dc      0x9b1 ..\obj\stm32f4xx_fsmc.o
 .debug_info    0x0000208d      0x640 ..\obj\stm32f4xx_gpio.o
 .debug_info    0x000026cd      0x5f5 ..\obj\system_stm32f4xx.o

.debug_abbrev   0x00000000      0x97e
 .debug_abbrev  0x00000000       0xb2 ..\obj\startup_stm32f4xx.o
 .debug_abbrev  0x000000b2       0xbd ..\obj\main.o
 .debug_abbrev  0x0000016f      0x1e5 ..\obj\stm32f4xx_rcc.o
 .debug_abbrev  0x00000354      0x1db ..\obj\stm32_ub_lcd_st7783.o
 .debug_abbrev  0x0000052f      0x172 ..\obj\stm32f4xx_fsmc.o
 .debug_abbrev  0x000006a1      0x1a5 ..\obj\stm32f4xx_gpio.o
 .debug_abbrev  0x00000846      0x138 ..\obj\system_stm32f4xx.o

.debug_loc      0x00000000     0x14a2
 .debug_loc     0x00000000       0x64 ..\obj\startup_stm32f4xx.o
 .debug_loc     0x00000064       0x38 ..\obj\main.o
 .debug_loc     0x0000009c      0x97c ..\obj\stm32f4xx_rcc.o
 .debug_loc     0x00000a18      0x2c2 ..\obj\stm32_ub_lcd_st7783.o
 .debug_loc     0x00000cda      0x41c ..\obj\stm32f4xx_fsmc.o
 .debug_loc     0x000010f6      0x310 ..\obj\stm32f4xx_gpio.o
 .debug_loc     0x00001406       0x9c ..\obj\system_stm32f4xx.o

.debug_aranges  0x00000000      0x3a8
 .debug_aranges
                0x00000000       0x28 ..\obj\startup_stm32f4xx.o
 .debug_aranges
                0x00000028       0x20 ..\obj\main.o
 .debug_aranges
                0x00000048      0x178 ..\obj\stm32f4xx_rcc.o
 .debug_aranges
                0x000001c0       0x80 ..\obj\stm32_ub_lcd_st7783.o
 .debug_aranges
                0x00000240       0xb0 ..\obj\stm32f4xx_fsmc.o
 .debug_aranges
                0x000002f0       0x88 ..\obj\stm32f4xx_gpio.o
 .debug_aranges
                0x00000378       0x30 ..\obj\system_stm32f4xx.o

.debug_ranges   0x00000000      0x338
 .debug_ranges  0x00000000       0x18 ..\obj\startup_stm32f4xx.o
 .debug_ranges  0x00000018       0x10 ..\obj\main.o
 .debug_ranges  0x00000028      0x168 ..\obj\stm32f4xx_rcc.o
 .debug_ranges  0x00000190       0x70 ..\obj\stm32_ub_lcd_st7783.o
 .debug_ranges  0x00000200       0xa0 ..\obj\stm32f4xx_fsmc.o
 .debug_ranges  0x000002a0       0x78 ..\obj\stm32f4xx_gpio.o
 .debug_ranges  0x00000318       0x20 ..\obj\system_stm32f4xx.o

.debug_line     0x00000000     0x157a
 .debug_line    0x00000000       0xb2 ..\obj\startup_stm32f4xx.o
 .debug_line    0x000000b2      0x1ba ..\obj\main.o
 .debug_line    0x0000026c      0x5b2 ..\obj\stm32f4xx_rcc.o
 .debug_line    0x0000081e      0x3bb ..\obj\stm32_ub_lcd_st7783.o
 .debug_line    0x00000bd9      0x46d ..\obj\stm32f4xx_fsmc.o
 .debug_line    0x00001046      0x356 ..\obj\stm32f4xx_gpio.o
 .debug_line    0x0000139c      0x1de ..\obj\system_stm32f4xx.o

.debug_str      0x00000000     0x1510
 .debug_str     0x00000000      0x113 ..\obj\startup_stm32f4xx.o
                                0x125 (size before relaxing)
 .debug_str     0x00000113      0x119 ..\obj\main.o
                                0x1a7 (size before relaxing)
 .debug_str     0x0000022c      0x6cd ..\obj\stm32f4xx_rcc.o
                                0x804 (size before relaxing)
 .debug_str     0x000008f9      0x531 ..\obj\stm32_ub_lcd_st7783.o
                                0x6c4 (size before relaxing)
 .debug_str     0x00000e2a      0x409 ..\obj\stm32f4xx_fsmc.o
                                0x748 (size before relaxing)
 .debug_str     0x00001233      0x1b4 ..\obj\stm32f4xx_gpio.o
                                0x457 (size before relaxing)
 .debug_str     0x000013e7      0x129 ..\obj\system_stm32f4xx.o
                                0x35e (size before relaxing)

.comment        0x00000000       0x70
 .comment       0x00000000       0x70 ..\obj\startup_stm32f4xx.o
                                 0x71 (size before relaxing)
 .comment       0x00000000       0x71 ..\obj\main.o
 .comment       0x00000000       0x71 ..\obj\stm32f4xx_rcc.o
 .comment       0x00000000       0x71 ..\obj\stm32_ub_lcd_st7783.o
 .comment       0x00000000       0x71 ..\obj\stm32f4xx_fsmc.o
 .comment       0x00000000       0x71 ..\obj\stm32f4xx_gpio.o
 .comment       0x00000000       0x71 ..\obj\system_stm32f4xx.o

.ARM.attributes
                0x00000000       0x33
 .ARM.attributes
                0x00000000       0x33 ..\obj\startup_stm32f4xx.o
 .ARM.attributes
                0x00000033       0x33 ..\obj\main.o
 .ARM.attributes
                0x00000066       0x33 ..\obj\stm32f4xx_rcc.o
 .ARM.attributes
                0x00000099       0x33 ..\obj\stm32_ub_lcd_st7783.o
 .ARM.attributes
                0x000000cc       0x33 ..\obj\stm32f4xx_fsmc.o
 .ARM.attributes
                0x000000ff       0x33 ..\obj\stm32f4xx_gpio.o
 .ARM.attributes
                0x00000132       0x33 ..\obj\system_stm32f4xx.o

.debug_frame    0x00000000      0xb04
 .debug_frame   0x00000000       0x48 ..\obj\startup_stm32f4xx.o
 .debug_frame   0x00000048       0x30 ..\obj\main.o
 .debug_frame   0x00000078      0x4d8 ..\obj\stm32f4xx_rcc.o
 .debug_frame   0x00000550      0x194 ..\obj\stm32_ub_lcd_st7783.o
 .debug_frame   0x000006e4      0x220 ..\obj\stm32f4xx_fsmc.o
 .debug_frame   0x00000904      0x19c ..\obj\stm32f4xx_gpio.o
 .debug_frame   0x00000aa0       0x64 ..\obj\system_stm32f4xx.o
